=== 2. check_sampling_reference --shots 200000 ===
{
  "library_sha256": "5a2f85278f642639e2944a801e2c043687e5e050c559ba35c498b38b720c2ed5",
  "noise": {
    "p1": 0.001,
    "p2": 0.001,
    "pm": 0.001
  },
  "noiseless_fired": [
    0,
    0
  ],
  "numpy_version": "2.5.1",
  "runs": [
    {
      "analytic_moonlab_sigma": 3.18,
      "analytic_stim_sigma": 3.35,
      "corr_sigma": 1.11,
      "fire_rate_ml": 0.0135,
      "fire_rate_stim": 0.01347,
      "legacy_marg_sigma": 6.01,
      "marg_sigma": 4.14,
      "ndet": 120,
      "nthreads": 1,
      "passed": true,
      "seed": 1234,
      "shots": 200000,
      "threads": 1,
      "variance_basis": "pooled_two_sample_and_analytic_reference"
    },
    {
      "analytic_moonlab_sigma": 3.15,
      "analytic_stim_sigma": 2.67,
      "corr_sigma": 1.31,
      "fire_rate_ml": 0.01339,
      "fire_rate_stim": 0.01346,
      "legacy_marg_sigma": 4.11,
      "marg_sigma": 2.98,
      "ndet": 120,
      "nthreads": 1,
      "passed": true,
      "seed": 7,
      "shots": 200000,
      "threads": 1,
      "variance_basis": "pooled_two_sample_and_analytic_reference"
    },
    {
      "analytic_moonlab_sigma": 3.04,
      "analytic_stim_sigma": 2.6,
      "corr_sigma": 2.44,
      "fire_rate_ml": 0.01337,
      "fire_rate_stim": 0.01344,
      "legacy_marg_sigma": 4.4,
      "marg_sigma": 3.05,
      "ndet": 120,
      "nthreads": 1,
      "passed": true,
      "seed": 47,
      "shots": 200000,
      "threads": 1,
      "variance_basis": "pooled_two_sample_and_analytic_reference"
    },
    {
      "analytic_moonlab_sigma": 2.51,
      "analytic_stim_sigma": 3.47,
      "corr_sigma": 1.88,
      "fire_rate_ml": 0.01344,
      "fire_rate_stim": 0.01336,
      "legacy_marg_sigma": 4.25,
      "marg_sigma": 2.95,
      "ndet": 120,
      "nthreads": 1,
      "passed": true,
      "seed": 12345,
      "shots": 200000,
      "threads": 1,
      "variance_basis": "pooled_two_sample_and_analytic_reference"
    },
    {
      "analytic_moonlab_sigma": 2.71,
      "analytic_stim_sigma": 2.53,
      "corr_sigma": 2.8,
      "fire_rate_ml": 0.01344,
      "fire_rate_stim": 0.01345,
      "legacy_marg_sigma": 3.14,
      "marg_sigma": 2.25,
      "ndet": 120,
      "nthreads": 1,
      "passed": true,
      "seed": 987654321,
      "shots": 200000,
      "threads": 1,
      "variance_basis": "pooled_two_sample_and_analytic_reference"
    },
    {
      "analytic_moonlab_sigma": 2.58,
      "analytic_stim_sigma": 3.35,
      "corr_sigma": 2.62,
      "fire_rate_ml": 0.01341,
      "fire_rate_stim": 0.01347,
      "legacy_marg_sigma": 5.75,
      "marg_sigma": 4.17,
      "ndet": 120,
      "nthreads": 2,
      "passed": true,
      "seed": 1234,
      "shots": 200000,
      "threads": 2,
      "variance_basis": "pooled_two_sample_and_analytic_reference"
    },
    {
      "analytic_moonlab_sigma": 2.85,
      "analytic_stim_sigma": 2.67,
      "corr_sigma": 1.74,
      "fire_rate_ml": 0.01344,
      "fire_rate_stim": 0.01346,
      "legacy_marg_sigma": 4.52,
      "marg_sigma": 3.12,
      "ndet": 120,
      "nthreads": 2,
      "passed": true,
      "seed": 7,
      "shots": 200000,
      "threads": 2,
      "variance_basis": "pooled_two_sample_and_analytic_reference"
    },
    {
      "analytic_moonlab_sigma": 2.9,
      "analytic_stim_sigma": 2.6,
      "corr_sigma": 2.14,
      "fire_rate_ml": 0.0134,
      "fire_rate_stim": 0.01344,
      "legacy_marg_sigma": 3.63,
      "marg_sigma": 2.61,
      "ndet": 120,
      "nthreads": 2,
      "passed": true,
      "seed": 47,
      "shots": 200000,
      "threads": 2,
      "variance_basis": "pooled_two_sample_and_analytic_reference"
    },
    {
      "analytic_moonlab_sigma": 3.77,
      "analytic_stim_sigma": 3.47,
      "corr_sigma": 1.45,
      "fire_rate_ml": 0.0134,
      "fire_rate_stim": 0.01336,
      "legacy_marg_sigma": 5.48,
      "marg_sigma": 3.98,
      "ndet": 120,
      "nthreads": 2,
      "passed": true,
      "seed": 12345,
      "shots": 200000,
      "threads": 2,
      "variance_basis": "pooled_two_sample_and_analytic_reference"
    },
    {
      "analytic_moonlab_sigma": 2.51,
      "analytic_stim_sigma": 2.53,
      "corr_sigma": 1.64,
      "fire_rate_ml": 0.01338,
      "fire_rate_stim": 0.01345,
      "legacy_marg_sigma": 4.5,
      "marg_sigma": 3.11,
      "ndet": 120,
      "nthreads": 2,
      "passed": true,
      "seed": 987654321,
      "shots": 200000,
      "threads": 2,
      "variance_basis": "pooled_two_sample_and_analytic_reference"
    },
    {
      "analytic_moonlab_sigma": 3.0,
      "analytic_stim_sigma": 3.35,
      "corr_sigma": 2.76,
      "fire_rate_ml": 0.01351,
      "fire_rate_stim": 0.01347,
      "legacy_marg_sigma": 4.27,
      "marg_sigma": 2.96,
      "ndet": 120,
      "nthreads": 4,
      "passed": true,
      "seed": 1234,
      "shots": 200000,
      "threads": 4,
      "variance_basis": "pooled_two_sample_and_analytic_reference"
    },
    {
      "analytic_moonlab_sigma": 2.73,
      "analytic_stim_sigma": 2.67,
      "corr_sigma": 1.72,
      "fire_rate_ml": 0.01345,
      "fire_rate_stim": 0.01346,
      "legacy_marg_sigma": 3.5,
      "marg_sigma": 2.51,
      "ndet": 120,
      "nthreads": 4,
      "passed": true,
      "seed": 7,
      "shots": 200000,
      "threads": 4,
      "variance_basis": "pooled_two_sample_and_analytic_reference"
    },
    {
      "analytic_moonlab_sigma": 3.24,
      "analytic_stim_sigma": 2.6,
      "corr_sigma": 2.52,
      "fire_rate_ml": 0.01336,
      "fire_rate_stim": 0.01344,
      "legacy_marg_sigma": 4.49,
      "marg_sigma": 3.11,
      "ndet": 120,
      "nthreads": 4,
      "passed": true,
      "seed": 47,
      "shots": 200000,
      "threads": 4,
      "variance_basis": "pooled_two_sample_and_analytic_reference"
    },
    {
      "analytic_moonlab_sigma": 2.71,
      "analytic_stim_sigma": 3.47,
      "corr_sigma": 1.35,
      "fire_rate_ml": 0.01339,
      "fire_rate_stim": 0.01336,
      "legacy_marg_sigma": 2.62,
      "marg_sigma": 1.83,
      "ndet": 120,
      "nthreads": 4,
      "passed": true,
      "seed": 12345,
      "shots": 200000,
      "threads": 4,
      "variance_basis": "pooled_two_sample_and_analytic_reference"
    },
    {
      "analytic_moonlab_sigma": 2.28,
      "analytic_stim_sigma": 2.53,
      "corr_sigma": 2.1,
      "fire_rate_ml": 0.01344,
      "fire_rate_stim": 0.01345,
      "legacy_marg_sigma": 3.59,
      "marg_sigma": 2.58,
      "ndet": 120,
      "nthreads": 4,
      "passed": true,
      "seed": 987654321,
      "shots": 200000,
      "threads": 4,
      "variance_basis": "pooled_two_sample_and_analytic_reference"
    }
  ],
  "schema": "moonlab.sampling_reference_probe.v1",
  "scope": "same-host detector correctness; not a release certificate or dominance verdict",
  "shots": 200000,
  "source": {
    "captured_at": "2026-09-10T16:34:26Z",
    "dirty": false,
    "git_head": "a15dabcf79a93b195ed062c6ed338cb4bc2c733b",
    "git_tree": "1ab872e09bcc829e72e633b4115c9326fc27b358",
    "source_fingerprint": "eb3448c78fa4c1a07c96d338e9f8dfc95c27f55f33625a6ba4f262a4a7b9fbbb"
  },
  "status": "PASS",
  "stim_version": "1.16.0",
  "workload": "surface_code_d5_r8_noisy"
}
EXIT=0
